Density threshold not provided. Using default value of 0.0.
Graph path: examples/input/bitcoin_alpha.csv
Output path: examples/output/bitcoin_alpha/clusterings/flow-iter/com.csv
Density path: examples/output/bitcoin_alpha/clusterings/flow-iter/density.csv
Density threshold: 0

Processing subgraph of 3783 nodes and 14124 edges.
Densest subset density: 15.7632. Decomposed into 1 component(s).
Removed 152 nodes. 3631 nodes remaining.
Found and removing 910 isolated vertices.

Processing subgraph of 2721 nodes and 5102 edges.
Densest subset density: 5.44444. Decomposed into 1 component(s).
Removed 27 nodes. 2694 nodes remaining.
Found and removing 65 isolated vertices.

Processing subgraph of 2629 nodes and 4717 edges.
Densest subset density: 3.98193. Decomposed into 1 component(s).
Removed 166 nodes. 2463 nodes remaining.
Found and removing 357 isolated vertices.

Processing subgraph of 2106 nodes and 2739 edges.
Densest subset density: 2.82353. Decomposed into 1 component(s).
Removed 17 nodes. 2089 nodes remaining.
Found and removing 68 isolated vertices.

Processing subgraph of 2021 nodes and 2514 edges.
Densest subset density: 2.33333. Decomposed into 1 component(s).
Removed 9 nodes. 2012 nodes remaining.
Found and removing 3 isolated vertices.

Processing subgraph of 2009 nodes and 2486 edges.
Densest subset density: 2.05932. Decomposed into 1 component(s).
Removed 118 nodes. 1891 nodes remaining.
Found and removing 186 isolated vertices.

Processing subgraph of 1705 nodes and 1753 edges.
Densest subset density: 1.84615. Decomposed into 1 component(s).
Removed 13 nodes. 1692 nodes remaining.
Found and removing 18 isolated vertices.

Processing subgraph of 1674 nodes and 1702 edges.
Densest subset density: 1.69231. Decomposed into 1 component(s).
Removed 39 nodes. 1635 nodes remaining.
Found and removing 41 isolated vertices.

Processing subgraph of 1594 nodes and 1535 edges.
Densest subset density: 1.57143. Decomposed into 1 component(s).
Removed 7 nodes. 1587 nodes remaining.
Found and removing 1 isolated vertices.

Processing subgraph of 1586 nodes and 1522 edges.
Densest subset density: 1.5. Decomposed into 1 component(s).
Removed 8 nodes. 1578 nodes remaining.
Found and removing 16 isolated vertices.

Processing subgraph of 1562 nodes and 1482 edges.
Densest subset density: 1.4. Decomposed into 1 component(s).
Removed 10 nodes. 1552 nodes remaining.
Found and removing 8 isolated vertices.

Processing subgraph of 1544 nodes and 1451 edges.
Densest subset density: 1.37079. Decomposed into 1 component(s).
Removed 89 nodes. 1455 nodes remaining.
Found and removing 97 isolated vertices.

Processing subgraph of 1358 nodes and 1168 edges.
Densest subset density: 1.33333. Decomposed into 1 component(s).
Removed 6 nodes. 1352 nodes remaining.
Found and removing 6 isolated vertices.

Processing subgraph of 1346 nodes and 1154 edges.
Densest subset density: 1.25. Decomposed into 1 component(s).
Removed 4 nodes. 1342 nodes remaining.

Processing subgraph of 1342 nodes and 1148 edges.
Densest subset density: 1.23077. Decomposed into 1 component(s).
Removed 13 nodes. 1329 nodes remaining.
Found and removing 6 isolated vertices.

Processing subgraph of 1323 nodes and 1118 edges.
Densest subset density: 1.16667. Decomposed into 1 component(s).
Removed 6 nodes. 1317 nodes remaining.
Found and removing 1 isolated vertices.

Processing subgraph of 1316 nodes and 1110 edges.
Densest subset density: 1.14894. Decomposed into 1 component(s).
Removed 47 nodes. 1269 nodes remaining.
Found and removing 68 isolated vertices.

Processing subgraph of 1201 nodes and 955 edges.
Densest subset density: 1.0625. Decomposed into 1 component(s).
Removed 48 nodes. 1153 nodes remaining.
Found and removing 30 isolated vertices.

Processing subgraph of 1123 nodes and 848 edges.
Densest subset density: 1. Decomposed into 3 component(s).
Removed 45 nodes. 1078 nodes remaining.

Processing subgraph of 1078 nodes and 803 edges.
Densest subset density: 0.97619. Decomposed into 1 component(s).
Removed 42 nodes. 1036 nodes remaining.

Processing subgraph of 1036 nodes and 762 edges.
Densest subset density: 0.970588. Decomposed into 1 component(s).
Removed 34 nodes. 1002 nodes remaining.

Processing subgraph of 1002 nodes and 729 edges.
Densest subset density: 0.96875. Decomposed into 1 component(s).
Removed 32 nodes. 970 nodes remaining.

Processing subgraph of 970 nodes and 698 edges.
Densest subset density: 0.966667. Decomposed into 1 component(s).
Removed 30 nodes. 940 nodes remaining.

Processing subgraph of 940 nodes and 669 edges.
Densest subset density: 0.964286. Decomposed into 1 component(s).
Removed 28 nodes. 912 nodes remaining.

Processing subgraph of 912 nodes and 642 edges.
Densest subset density: 0.958333. Decomposed into 1 component(s).
Removed 24 nodes. 888 nodes remaining.

Processing subgraph of 888 nodes and 619 edges.
Densest subset density: 0.947368. Decomposed into 1 component(s).
Removed 19 nodes. 869 nodes remaining.

Processing subgraph of 869 nodes and 601 edges.
Densest subset density: 0.941176. Decomposed into 1 component(s).
Removed 17 nodes. 852 nodes remaining.

Processing subgraph of 852 nodes and 585 edges.
Densest subset density: 0.933333. Decomposed into 1 component(s).
Removed 15 nodes. 837 nodes remaining.

Processing subgraph of 837 nodes and 571 edges.
Densest subset density: 0.923077. Decomposed into 1 component(s).
Removed 13 nodes. 824 nodes remaining.

Processing subgraph of 824 nodes and 559 edges.
Densest subset density: 0.916667. Decomposed into 2 component(s).
Removed 24 nodes. 800 nodes remaining.

Processing subgraph of 800 nodes and 537 edges.
Densest subset density: 0.909091. Decomposed into 4 component(s).
Removed 44 nodes. 756 nodes remaining.

Processing subgraph of 756 nodes and 497 edges.
Densest subset density: 0.9. Decomposed into 6 component(s).
Removed 60 nodes. 696 nodes remaining.

Processing subgraph of 696 nodes and 443 edges.
Densest subset density: 0.888889. Decomposed into 2 component(s).
Removed 18 nodes. 678 nodes remaining.

Processing subgraph of 678 nodes and 427 edges.
Densest subset density: 0.875. Decomposed into 2 component(s).
Removed 16 nodes. 662 nodes remaining.

Processing subgraph of 662 nodes and 413 edges.
Densest subset density: 0.857143. Decomposed into 4 component(s).
Removed 28 nodes. 634 nodes remaining.

Processing subgraph of 634 nodes and 389 edges.
Densest subset density: 0.833333. Decomposed into 4 component(s).
Removed 24 nodes. 610 nodes remaining.

Processing subgraph of 610 nodes and 369 edges.
Densest subset density: 0.8. Decomposed into 12 component(s).
Removed 60 nodes. 550 nodes remaining.

Processing subgraph of 550 nodes and 321 edges.
Densest subset density: 0.75. Decomposed into 22 component(s).
Removed 88 nodes. 462 nodes remaining.

Processing subgraph of 462 nodes and 255 edges.
Densest subset density: 0.666667. Decomposed into 48 component(s).
Removed 144 nodes. 318 nodes remaining.

Processing subgraph of 318 nodes and 159 edges.
Densest subset density: 0.5. Decomposed into 159 component(s).
Removed 318 nodes. 0 nodes remaining.

Removed 1881 singleton clusters (set to -1) before writing.
[TIME] Writing final assignments: 0 ms
[TIME] Writing final density vector: 0 ms
[TIME] Total execution: 57 ms
