	Command being timed: "python src/leiden/run_leiden.py --edgelist examples/output/dnc/merge/fmrkc-cvc/unweighted/edge.csv --output-directory examples/output/dnc/merge/fmrkc-cvc/final --model cpm --resolution 0.01"
	User time (seconds): 0.43
	System time (seconds): 0.04
	Percent of CPU this job got: 99%
	Elapsed (wall clock) time (h:mm:ss or m:ss): 0:00.47
	Average shared text size (kbytes): 0
	Average unshared data size (kbytes): 0
	Average stack size (kbytes): 0
	Average total size (kbytes): 0
	Maximum resident set size (kbytes): 119708
	Average resident set size (kbytes): 0
	Major (requiring I/O) page faults: 0
	Minor (reclaiming a frame) page faults: 20400
	Voluntary context switches: 22
	Involuntary context switches: 52
	Swaps: 0
	File system inputs: 0
	File system outputs: 32
	Socket messages sent: 0
	Socket messages received: 0
	Signals delivered: 0
	Page size (bytes): 4096
	Exit status: 0
