	Command being timed: "python src/ikc/run_ikc.py --edgelist examples/input/bitcoin_alpha.csv --output-directory examples/output/bitcoin_alpha/clusterings/ikc-5 --kvalue 5"
	User time (seconds): 1.18
	System time (seconds): 0.14
	Percent of CPU this job got: 90%
	Elapsed (wall clock) time (h:mm:ss or m:ss): 0:01.47
	Average shared text size (kbytes): 0
	Average unshared data size (kbytes): 0
	Average stack size (kbytes): 0
	Average total size (kbytes): 0
	Maximum resident set size (kbytes): 227636
	Average resident set size (kbytes): 0
	Major (requiring I/O) page faults: 218
	Minor (reclaiming a frame) page faults: 48309
	Voluntary context switches: 1966
	Involuntary context switches: 110
	Swaps: 0
	File system inputs: 104072
	File system outputs: 24
	Socket messages sent: 0
	Socket messages received: 0
	Signals delivered: 0
	Page size (bytes): 4096
	Exit status: 0
